INFO 2019-05-22 11:59:10,358 - ProcessL2s: /ssdwork/Projects/HyperPACE/Field_Data/Processed/KORUS/L2/1614104_L2.hdf
